// Vitest Snapshot v1, https://vitest.dev/guide/snapshot.html

exports[`Object > Empty context 1`] = `
{
  "bar": "{x.y}",
  "foo": "{x.y}",
}
`;

exports[`Object > Exact match context 1`] = `
{
  "bar": "Hello",
  "foo": "Hello",
}
`;

exports[`Object > Full context 1`] = `
{
  "bar": "Hello",
  "foo": "Hello",
}
`;

exports[`Object > No match context 1`] = `
{
  "bar": "{x.y}",
  "foo": "{x.y}",
}
`;

exports[`Snapshot tests > Empty context 1`] = `
{
  "bar": "{x.y}",
  "foo": "{x.y}",
}
`;

exports[`Snapshot tests > Exact match context 1`] = `
{
  "bar": "Hello",
  "foo": "Hello",
}
`;

exports[`Snapshot tests > Full context 1`] = `
{
  "bar": "Hello",
  "foo": "Hello",
}
`;

exports[`Snapshot tests > No match context 1`] = `
{
  "bar": "{x.y}",
  "foo": "{x.y}",
}
`;
